// Jest Snapshot v1, https://goo.gl/fbAQLP

exports[`<Sidebar /> renders properly 1`] = `ShallowWrapper {}`;
